=== START test_database 2018-02-05 21:22:32 ===
Connected with success to the PrestaShop database
PrestaShop data found:
59 products
17 product categories
4 CMS articles
1 CMS category
2 employees
2259 customers
774 orders

[WARNING] Your Prestashop database contains several customers. You need the <a href="https://www.fredericgilles.net/fg-prestashop-to-woocommerce/" target="_blank">Premium version</a> to import them.
[WARNING] Your Prestashop database contains some attributes. You need the <a href="https://www.fredericgilles.net/fg-prestashop-to-woocommerce/" target="_blank">Premium version</a> to import them.
[WARNING] Your Prestashop database contains some orders. You need the <a href="https://www.fredericgilles.net/fg-prestashop-to-woocommerce/" target="_blank">Premium version</a> to import them.
[WARNING] Your Prestashop database contains several manufacturers. You need the <a href="https://www.fredericgilles.net/fg-prestashop-to-woocommerce/" target="_blank">Premium version</a> and the <a href="https://www.fredericgilles.net/fg-prestashop-to-woocommerce/brands/" target="_blank">Brands add-on</a> to import them.
[WARNING] Your Prestashop database contains customer groups. You need the <a href="https://www.fredericgilles.net/fg-prestashop-to-woocommerce/" target="_blank">Premium version</a> and the <a href="https://www.fredericgilles.net/fg-prestashop-to-woocommerce/customer-groups/" target="_blank">Customer Groups add-on</a> to import them.
=== END test_database 2018-02-05 21:22:36 ===

=== START save 2018-02-05 21:23:11 ===
Settings saved
=== END save 2018-02-05 21:23:11 ===

=== START import 2018-02-05 21:23:16 ===
Connected with success to the PrestaShop database
PrestaShop data found:
59 products
17 product categories
4 CMS articles
1 CMS category
2 employees
2259 customers
774 orders

[WARNING] Your Prestashop database contains several customers. You need the <a href="https://www.fredericgilles.net/fg-prestashop-to-woocommerce/" target="_blank">Premium version</a> to import them.
[WARNING] Your Prestashop database contains some attributes. You need the <a href="https://www.fredericgilles.net/fg-prestashop-to-woocommerce/" target="_blank">Premium version</a> to import them.
[WARNING] Your Prestashop database contains some orders. You need the <a href="https://www.fredericgilles.net/fg-prestashop-to-woocommerce/" target="_blank">Premium version</a> to import them.
[WARNING] Your Prestashop database contains several manufacturers. You need the <a href="https://www.fredericgilles.net/fg-prestashop-to-woocommerce/" target="_blank">Premium version</a> and the <a href="https://www.fredericgilles.net/fg-prestashop-to-woocommerce/brands/" target="_blank">Brands add-on</a> to import them.
[WARNING] Your Prestashop database contains customer groups. You need the <a href="https://www.fredericgilles.net/fg-prestashop-to-woocommerce/" target="_blank">Premium version</a> and the <a href="https://www.fredericgilles.net/fg-prestashop-to-woocommerce/customer-groups/" target="_blank">Customer Groups add-on</a> to import them.
Importing CMS categories...
1 category imported
Importing CMS articles...
4 articles imported
14 tags imported
Importing product categories...
17 product categories imported
Importing products...
=== START import 2018-02-05 21:25:42 ===
Connected with success to the PrestaShop database
PrestaShop data found:
59 products
17 product categories
4 CMS articles
1 CMS category
2 employees
2259 customers
774 orders

[WARNING] Your Prestashop database contains several customers. You need the <a href="https://www.fredericgilles.net/fg-prestashop-to-woocommerce/" target="_blank">Premium version</a> to import them.
[WARNING] Your Prestashop database contains some attributes. You need the <a href="https://www.fredericgilles.net/fg-prestashop-to-woocommerce/" target="_blank">Premium version</a> to import them.
[WARNING] Your Prestashop database contains some orders. You need the <a href="https://www.fredericgilles.net/fg-prestashop-to-woocommerce/" target="_blank">Premium version</a> to import them.
[WARNING] Your Prestashop database contains several manufacturers. You need the <a href="https://www.fredericgilles.net/fg-prestashop-to-woocommerce/" target="_blank">Premium version</a> and the <a href="https://www.fredericgilles.net/fg-prestashop-to-woocommerce/brands/" target="_blank">Brands add-on</a> to import them.
[WARNING] Your Prestashop database contains customer groups. You need the <a href="https://www.fredericgilles.net/fg-prestashop-to-woocommerce/" target="_blank">Premium version</a> and the <a href="https://www.fredericgilles.net/fg-prestashop-to-woocommerce/customer-groups/" target="_blank">Customer Groups add-on</a> to import them.
Importing CMS categories...
0 categories imported
Importing CMS articles...
0 articles imported
0 tags imported
Importing product categories...
0 product categories imported
Importing products...
=== START import 2018-02-05 21:29:38 ===
Connected with success to the PrestaShop database
PrestaShop data found:
59 products
17 product categories
4 CMS articles
1 CMS category
2 employees
2259 customers
774 orders

[WARNING] Your Prestashop database contains several customers. You need the <a href="https://www.fredericgilles.net/fg-prestashop-to-woocommerce/" target="_blank">Premium version</a> to import them.
[WARNING] Your Prestashop database contains some attributes. You need the <a href="https://www.fredericgilles.net/fg-prestashop-to-woocommerce/" target="_blank">Premium version</a> to import them.
[WARNING] Your Prestashop database contains some orders. You need the <a href="https://www.fredericgilles.net/fg-prestashop-to-woocommerce/" target="_blank">Premium version</a> to import them.
[WARNING] Your Prestashop database contains several manufacturers. You need the <a href="https://www.fredericgilles.net/fg-prestashop-to-woocommerce/" target="_blank">Premium version</a> and the <a href="https://www.fredericgilles.net/fg-prestashop-to-woocommerce/brands/" target="_blank">Brands add-on</a> to import them.
[WARNING] Your Prestashop database contains customer groups. You need the <a href="https://www.fredericgilles.net/fg-prestashop-to-woocommerce/" target="_blank">Premium version</a> and the <a href="https://www.fredericgilles.net/fg-prestashop-to-woocommerce/customer-groups/" target="_blank">Customer Groups add-on</a> to import them.
Importing CMS categories...
0 categories imported
Importing CMS articles...
0 articles imported
0 tags imported
Importing product categories...
0 product categories imported
Importing products...
=== START test_database 2018-08-06 13:40:14 ===
[ERROR] Couldn't connect to the PrestaShop database. Please check your parameters. And be sure the WordPress server can access the PrestaShop database.<br />
SQLSTATE[HY000] [1045] Access denied for user 'u682038976_arte'@'31.170.161.127' (using password: YES)<br />
Please read the <a href="https://wordpress.org/plugins/fg-prestashop-to-woocommerce/faq/" target="_blank">FAQ for the solution</a>.
=== END test_database 2018-08-06 13:40:27 ===

=== START test_database 2018-08-06 13:40:52 ===
[ERROR] Couldn't connect to the PrestaShop database. Please check your parameters. And be sure the WordPress server can access the PrestaShop database.<br />
SQLSTATE[HY000] [2002] php_network_getaddresses: getaddrinfo failed: Name or service not known<br />
Please read the <a href="https://wordpress.org/plugins/fg-prestashop-to-woocommerce/faq/" target="_blank">FAQ for the solution</a>.
=== END test_database 2018-08-06 13:41:07 ===

=== START test_database 2018-08-06 13:41:57 ===
[ERROR] Couldn't connect to the PrestaShop database. Please check your parameters. And be sure the WordPress server can access the PrestaShop database.<br />
SQLSTATE[HY000] [1045] Access denied for user 'u682038976_arte'@'31.170.161.127' (using password: YES)<br />
Please read the <a href="https://wordpress.org/plugins/fg-prestashop-to-woocommerce/faq/" target="_blank">FAQ for the solution</a>.
=== END test_database 2018-08-06 13:41:57 ===

=== START test_database 2018-08-06 13:42:06 ===
[ERROR] Couldn't connect to the PrestaShop database. Please check your parameters. And be sure the WordPress server can access the PrestaShop database.<br />
SQLSTATE[HY000] [1045] Access denied for user 'u682038976_arte'@'31.170.161.127' (using password: YES)<br />
Please read the <a href="https://wordpress.org/plugins/fg-prestashop-to-woocommerce/faq/" target="_blank">FAQ for the solution</a>.
=== END test_database 2018-08-06 13:42:06 ===

=== START test_database 2018-08-06 13:43:31 ===
[ERROR] Couldn't connect to the PrestaShop database. Please check your parameters. And be sure the WordPress server can access the PrestaShop database.<br />
SQLSTATE[HY000] [1045] Access denied for user 'u648880541_arte'@'31.170.161.127' (using password: YES)<br />
Please read the <a href="https://wordpress.org/plugins/fg-prestashop-to-woocommerce/faq/" target="_blank">FAQ for the solution</a>.
=== END test_database 2018-08-06 13:43:32 ===

=== START test_database 2018-08-06 13:45:50 ===
[ERROR] Couldn't connect to the PrestaShop database. Please check your parameters. And be sure the WordPress server can access the PrestaShop database.<br />
SQLSTATE[HY000] [1045] Access denied for user 'u648880541_arte'@'31.170.161.127' (using password: YES)<br />
Please read the <a href="https://wordpress.org/plugins/fg-prestashop-to-woocommerce/faq/" target="_blank">FAQ for the solution</a>.
=== END test_database 2018-08-06 13:45:51 ===

=== START test_database 2018-08-06 13:49:29 ===
[ERROR] Couldn't connect to the PrestaShop database. Please check your parameters. And be sure the WordPress server can access the PrestaShop database.<br />
SQLSTATE[HY000] [1045] Access denied for user 'u648880541_arte'@'31.170.161.127' (using password: YES)<br />
Please read the <a href="https://wordpress.org/plugins/fg-prestashop-to-woocommerce/faq/" target="_blank">FAQ for the solution</a>.
=== END test_database 2018-08-06 13:49:29 ===

=== START test_database 2018-08-06 13:52:24 ===
[ERROR] Couldn't connect to the PrestaShop database. Please check your parameters. And be sure the WordPress server can access the PrestaShop database.<br />
SQLSTATE[HY000] [1045] Access denied for user 'u682038976_arte'@'31.170.161.127' (using password: YES)<br />
Please read the <a href="https://wordpress.org/plugins/fg-prestashop-to-woocommerce/faq/" target="_blank">FAQ for the solution</a>.
=== END test_database 2018-08-06 13:52:25 ===

=== START test_database 2018-08-06 13:53:22 ===
[ERROR] Couldn't connect to the PrestaShop database. Please check your parameters. And be sure the WordPress server can access the PrestaShop database.<br />
SQLSTATE[HY000] [1045] Access denied for user 'u682038976_arte'@'31.170.161.127' (using password: YES)<br />
Please read the <a href="https://wordpress.org/plugins/fg-prestashop-to-woocommerce/faq/" target="_blank">FAQ for the solution</a>.
=== END test_database 2018-08-06 13:53:22 ===

=== START test_database 2018-08-06 13:53:37 ===
[ERROR] Couldn't connect to the PrestaShop database. Please check your parameters. And be sure the WordPress server can access the PrestaShop database.<br />
SQLSTATE[HY000] [1045] Access denied for user 'u682038976_arte'@'31.170.161.127' (using password: YES)<br />
Please read the <a href="https://wordpress.org/plugins/fg-prestashop-to-woocommerce/faq/" target="_blank">FAQ for the solution</a>.
=== END test_database 2018-08-06 13:53:40 ===

=== START test_database 2018-08-06 13:53:44 ===
[ERROR] Couldn't connect to the PrestaShop database. Please check your parameters. And be sure the WordPress server can access the PrestaShop database.<br />
SQLSTATE[HY000] [1045] Access denied for user 'u682038976_arte'@'31.170.161.127' (using password: YES)<br />
Please read the <a href="https://wordpress.org/plugins/fg-prestashop-to-woocommerce/faq/" target="_blank">FAQ for the solution</a>.
=== END test_database 2018-08-06 13:53:46 ===

=== START test_database 2018-08-06 13:54:27 ===
[ERROR] Couldn't connect to the PrestaShop database. Please check your parameters. And be sure the WordPress server can access the PrestaShop database.<br />
SQLSTATE[HY000] [1045] Access denied for user 'u682038976_arte'@'31.170.161.127' (using password: YES)<br />
Please read the <a href="https://wordpress.org/plugins/fg-prestashop-to-woocommerce/faq/" target="_blank">FAQ for the solution</a>.
=== END test_database 2018-08-06 13:54:30 ===

=== START test_database 2018-08-06 13:55:48 ===
[ERROR] Couldn't connect to the PrestaShop database. Please check your parameters. And be sure the WordPress server can access the PrestaShop database.<br />
SQLSTATE[HY000] [2002] Connection timed out<br />
Please read the <a href="https://wordpress.org/plugins/fg-prestashop-to-woocommerce/faq/" target="_blank">FAQ for the solution</a>.
=== END test_database 2018-08-06 13:56:18 ===

=== START test_database 2018-08-06 14:03:26 ===
[ERROR] Couldn't connect to the PrestaShop database. Please check your parameters. And be sure the WordPress server can access the PrestaShop database.<br />
SQLSTATE[HY000] [2002] Connection timed out<br />
Please read the <a href="https://wordpress.org/plugins/fg-prestashop-to-woocommerce/faq/" target="_blank">FAQ for the solution</a>.
=== END test_database 2018-08-06 14:03:56 ===

=== START test_database 2018-08-06 14:06:22 ===
[ERROR] Couldn't connect to the PrestaShop database. Please check your parameters. And be sure the WordPress server can access the PrestaShop database.<br />
SQLSTATE[HY000] [1045] Access denied for user 'u682038976_arte'@'31.170.161.127' (using password: YES)<br />
Please read the <a href="https://wordpress.org/plugins/fg-prestashop-to-woocommerce/faq/" target="_blank">FAQ for the solution</a>.
=== END test_database 2018-08-06 14:06:23 ===

=== START test_database 2018-08-06 14:06:26 ===
[ERROR] Couldn't connect to the PrestaShop database. Please check your parameters. And be sure the WordPress server can access the PrestaShop database.<br />
SQLSTATE[HY000] [1045] Access denied for user 'u682038976_arte'@'31.170.161.127' (using password: YES)<br />
Please read the <a href="https://wordpress.org/plugins/fg-prestashop-to-woocommerce/faq/" target="_blank">FAQ for the solution</a>.
=== END test_database 2018-08-06 14:06:27 ===

=== START test_database 2018-08-06 14:16:04 ===
[ERROR] Couldn't connect to the PrestaShop database. Please check your parameters. And be sure the WordPress server can access the PrestaShop database.<br />
SQLSTATE[HY000] [1045] Access denied for user 'u682038976_arte'@'31.170.161.127' (using password: YES)<br />
Please read the <a href="https://wordpress.org/plugins/fg-prestashop-to-woocommerce/faq/" target="_blank">FAQ for the solution</a>.
=== END test_database 2018-08-06 14:16:05 ===

=== START test_database 2018-08-06 14:17:12 ===
Connected with success to the PrestaShop database
PrestaShop data found:
35 products
10 product categories
4 CMS articles
1 CMS category
1 employee
6 customers
4 orders

[WARNING] Your Prestashop database contains several customers. You need the <a href="https://www.fredericgilles.net/fg-prestashop-to-woocommerce/" target="_blank">Premium version</a> to import them.
[WARNING] Your Prestashop database contains some attributes. You need the <a href="https://www.fredericgilles.net/fg-prestashop-to-woocommerce/" target="_blank">Premium version</a> to import them.
[WARNING] Your Prestashop database contains some orders. You need the <a href="https://www.fredericgilles.net/fg-prestashop-to-woocommerce/" target="_blank">Premium version</a> to import them.
[WARNING] Your Prestashop database contains several manufacturers. You need the <a href="https://www.fredericgilles.net/fg-prestashop-to-woocommerce/" target="_blank">Premium version</a> and the <a href="https://www.fredericgilles.net/fg-prestashop-to-woocommerce/brands/" target="_blank">Brands add-on</a> to import them.
[WARNING] Your Prestashop database contains customer groups. You need the <a href="https://www.fredericgilles.net/fg-prestashop-to-woocommerce/" target="_blank">Premium version</a> and the <a href="https://www.fredericgilles.net/fg-prestashop-to-woocommerce/customer-groups/" target="_blank">Customer Groups add-on</a> to import them.
=== END test_database 2018-08-06 14:17:15 ===

=== START import 2018-08-06 14:17:35 ===
Connected with success to the PrestaShop database
PrestaShop data found:
35 products
10 product categories
4 CMS articles
1 CMS category
1 employee
6 customers
4 orders

[WARNING] Your Prestashop database contains several customers. You need the <a href="https://www.fredericgilles.net/fg-prestashop-to-woocommerce/" target="_blank">Premium version</a> to import them.
[WARNING] Your Prestashop database contains some attributes. You need the <a href="https://www.fredericgilles.net/fg-prestashop-to-woocommerce/" target="_blank">Premium version</a> to import them.
[WARNING] Your Prestashop database contains some orders. You need the <a href="https://www.fredericgilles.net/fg-prestashop-to-woocommerce/" target="_blank">Premium version</a> to import them.
[WARNING] Your Prestashop database contains several manufacturers. You need the <a href="https://www.fredericgilles.net/fg-prestashop-to-woocommerce/" target="_blank">Premium version</a> and the <a href="https://www.fredericgilles.net/fg-prestashop-to-woocommerce/brands/" target="_blank">Brands add-on</a> to import them.
[WARNING] Your Prestashop database contains customer groups. You need the <a href="https://www.fredericgilles.net/fg-prestashop-to-woocommerce/" target="_blank">Premium version</a> and the <a href="https://www.fredericgilles.net/fg-prestashop-to-woocommerce/customer-groups/" target="_blank">Customer Groups add-on</a> to import them.
Importing CMS categories...
0 categories imported
Importing CMS articles...
0 articles imported
0 tags imported
Importing product categories...
9 product categories imported
Importing products...
=== START import 2018-08-06 15:02:21 ===
Connected with success to the PrestaShop database
PrestaShop data found:
35 products
10 product categories
4 CMS articles
1 CMS category
1 employee
6 customers
4 orders

[WARNING] Your Prestashop database contains several customers. You need the <a href="https://www.fredericgilles.net/fg-prestashop-to-woocommerce/" target="_blank">Premium version</a> to import them.
[WARNING] Your Prestashop database contains some attributes. You need the <a href="https://www.fredericgilles.net/fg-prestashop-to-woocommerce/" target="_blank">Premium version</a> to import them.
[WARNING] Your Prestashop database contains some orders. You need the <a href="https://www.fredericgilles.net/fg-prestashop-to-woocommerce/" target="_blank">Premium version</a> to import them.
[WARNING] Your Prestashop database contains several manufacturers. You need the <a href="https://www.fredericgilles.net/fg-prestashop-to-woocommerce/" target="_blank">Premium version</a> and the <a href="https://www.fredericgilles.net/fg-prestashop-to-woocommerce/brands/" target="_blank">Brands add-on</a> to import them.
[WARNING] Your Prestashop database contains customer groups. You need the <a href="https://www.fredericgilles.net/fg-prestashop-to-woocommerce/" target="_blank">Premium version</a> and the <a href="https://www.fredericgilles.net/fg-prestashop-to-woocommerce/customer-groups/" target="_blank">Customer Groups add-on</a> to import them.
Importing CMS categories...
0 categories imported
Importing CMS articles...
0 articles imported
0 tags imported
Importing product categories...
0 product categories imported
Importing products...
